{"ts": "2026-06-04T23:40:52.305Z", "level": "INFO", "source": "backend", "module": "system", "event": "system_boot", "msg": "Backend started", "sid": null, "dur": null, "data": {"version": "1.0.0"}}
{"ts": "2026-06-04T23:41:53.160Z", "level": "INFO", "source": "backend", "module": "photo", "event": "photo_process_start", "msg": "Processing single photo", "sid": null, "dur": null, "data": {"layout": "single", "overlay": "none", "image_count": 1}}
{"ts": "2026-06-04T23:41:53.288Z", "level": "INFO", "source": "backend", "module": "photo", "event": "photo_process_done", "msg": "Photo processed: photo_1261536916.jpg", "sid": null, "dur": 128, "data": {"filename": "photo_1261536916.jpg", "layout": "single", "overlay": "none"}}
{"ts": "2026-06-04T23:41:59.385Z", "level": "INFO", "source": "backend", "module": "photo", "event": "photo_process_start", "msg": "Processing single photo", "sid": null, "dur": null, "data": {"layout": "single", "overlay": "none", "image_count": 1}}
{"ts": "2026-06-04T23:41:59.489Z", "level": "INFO", "source": "backend", "module": "photo", "event": "photo_process_done", "msg": "Photo processed: photo_8b8e715a26.jpg", "sid": null, "dur": 103, "data": {"filename": "photo_8b8e715a26.jpg", "layout": "single", "overlay": "none"}}
{"ts": "2026-06-04T23:42:11.879Z", "level": "INFO", "source": "backend", "module": "photo", "event": "photo_process_start", "msg": "Processing single photo", "sid": null, "dur": null, "data": {"layout": "single", "overlay": "blush_floral", "image_count": 1}}
{"ts": "2026-06-04T23:42:12.003Z", "level": "INFO", "source": "backend", "module": "photo", "event": "photo_process_done", "msg": "Photo processed: photo_8d6268521b.jpg", "sid": null, "dur": 123, "data": {"filename": "photo_8d6268521b.jpg", "layout": "single", "overlay": "blush_floral"}}
{"ts": "2026-06-04T23:42:12.012Z", "level": "INFO", "source": "backend", "module": "printer", "event": "printer_sent", "msg": "Print job sent: photo_8d6268521b.jpg", "sid": null, "dur": null, "data": {"filename": "photo_8d6268521b.jpg"}}
{"ts": "2026-06-04T23:42:12.013Z", "level": "INFO", "source": "backend", "module": "printer", "event": "printer_done", "msg": "Print completed: photo_8d6268521b.jpg", "sid": null, "dur": null, "data": {"filename": "photo_8d6268521b.jpg"}}
{"ts": "2026-06-04T23:47:15.076Z", "level": "INFO", "source": "backend", "module": "photo", "event": "photo_process_start", "msg": "Processing single photo", "sid": null, "dur": null, "data": {"layout": "single", "overlay": "none", "image_count": 1}}
{"ts": "2026-06-04T23:47:15.170Z", "level": "INFO", "source": "backend", "module": "photo", "event": "photo_process_done", "msg": "Photo processed: photo_921c886a5b.jpg", "sid": null, "dur": 93, "data": {"filename": "photo_921c886a5b.jpg", "layout": "single", "overlay": "none"}}
{"ts": "2026-06-04T23:47:22.385Z", "level": "INFO", "source": "backend", "module": "photo", "event": "photo_process_start", "msg": "Processing single photo", "sid": null, "dur": null, "data": {"layout": "single", "overlay": "none", "image_count": 1}}
{"ts": "2026-06-04T23:47:22.491Z", "level": "INFO", "source": "backend", "module": "photo", "event": "photo_process_done", "msg": "Photo processed: photo_ad3b2d23f3.jpg", "sid": null, "dur": 106, "data": {"filename": "photo_ad3b2d23f3.jpg", "layout": "single", "overlay": "none"}}
{"ts": "2026-06-04T23:47:27.964Z", "level": "INFO", "source": "backend", "module": "photo", "event": "photo_process_start", "msg": "Processing single photo", "sid": null, "dur": null, "data": {"layout": "single", "overlay": "none", "image_count": 1}}
{"ts": "2026-06-04T23:47:28.076Z", "level": "INFO", "source": "backend", "module": "photo", "event": "photo_process_done", "msg": "Photo processed: photo_57fe211cdc.jpg", "sid": null, "dur": 111, "data": {"filename": "photo_57fe211cdc.jpg", "layout": "single", "overlay": "none"}}
{"ts": "2026-06-04T23:47:33.457Z", "level": "INFO", "source": "backend", "module": "photo", "event": "photo_process_start", "msg": "Processing single photo", "sid": null, "dur": null, "data": {"layout": "single", "overlay": "none", "image_count": 1}}
{"ts": "2026-06-04T23:47:33.572Z", "level": "INFO", "source": "backend", "module": "photo", "event": "photo_process_done", "msg": "Photo processed: photo_248468869c.jpg", "sid": null, "dur": 115, "data": {"filename": "photo_248468869c.jpg", "layout": "single", "overlay": "none"}}
{"ts": "2026-06-04T23:47:51.521Z", "level": "INFO", "source": "backend", "module": "printer", "event": "printer_sent", "msg": "Print job sent: photo_921c886a5b.jpg", "sid": null, "dur": null, "data": {"filename": "photo_921c886a5b.jpg"}}
{"ts": "2026-06-04T23:47:51.522Z", "level": "INFO", "source": "backend", "module": "printer", "event": "printer_done", "msg": "Print completed: photo_921c886a5b.jpg", "sid": null, "dur": null, "data": {"filename": "photo_921c886a5b.jpg"}}
{"ts": "2026-06-04T23:48:24.514Z", "level": "INFO", "source": "backend", "module": "photo", "event": "photo_process_start", "msg": "Processing collage photo", "sid": null, "dur": null, "data": {"layout": "collage", "overlay": "none", "image_count": 3}}
{"ts": "2026-06-04T23:48:24.671Z", "level": "INFO", "source": "backend", "module": "photo", "event": "photo_process_done", "msg": "Photo processed: photo_9a322e9852.jpg", "sid": null, "dur": 157, "data": {"filename": "photo_9a322e9852.jpg", "layout": "collage", "overlay": "none"}}
{"ts": "2026-06-04T23:48:29.802Z", "level": "INFO", "source": "backend", "module": "printer", "event": "printer_sent", "msg": "Print job sent: photo_9a322e9852.jpg", "sid": null, "dur": null, "data": {"filename": "photo_9a322e9852.jpg"}}
{"ts": "2026-06-04T23:48:29.804Z", "level": "INFO", "source": "backend", "module": "printer", "event": "printer_done", "msg": "Print completed: photo_9a322e9852.jpg", "sid": null, "dur": null, "data": {"filename": "photo_9a322e9852.jpg"}}
{"ts": "2026-06-04T23:49:28.047Z", "level": "INFO", "source": "backend", "module": "config", "event": "config_updated", "msg": "Config updated: ['printer_name', 'max_photos', 'disk_min_free_gb', 'couple_names', 'event_date', 'default_text', 'selected_overlay', 'welcome_message', 'thank_you_message', 'countdown_duration', 'flash_enabled', 'max_photos_per_session', 'session_timeout', 'show_names_on_photo']", "sid": null, "dur": null, "data": {"printer_name": "mock", "max_photos": 1000, "disk_min_free_gb": 2.0, "couple_names": "jasmine & aladin", "event_date": "June 1, 2030", "default_text": "jasmine & aladin · June 1, 2030", "selected_overlay": "none", "welcome_message": "marhabaaaa", "thank_you_message": "sahitooo", "countdown_duration": 3, "flash_enabled": true, "max_photos_per_session": 3, "session_timeout": 120, "show_names_on_photo": true}}
{"ts": "2026-06-04T23:49:47.898Z", "level": "INFO", "source": "backend", "module": "config", "event": "config_updated", "msg": "Config updated: ['printer_name', 'max_photos', 'disk_min_free_gb', 'couple_names', 'event_date', 'default_text', 'selected_overlay', 'welcome_message', 'thank_you_message', 'countdown_duration', 'flash_enabled', 'max_photos_per_session', 'session_timeout', 'show_names_on_photo']", "sid": null, "dur": null, "data": {"printer_name": "mock", "max_photos": 1000, "disk_min_free_gb": 2.0, "couple_names": "jasmine & aladin", "event_date": "June 1, 2030", "default_text": "jasmine & aladin · June 1, 2030", "selected_overlay": "none", "welcome_message": "marhabaaaa", "thank_you_message": "sahitooo", "countdown_duration": 3, "flash_enabled": true, "max_photos_per_session": 3, "session_timeout": 60, "show_names_on_photo": true}}
{"ts": "2026-06-04T23:50:17.960Z", "level": "INFO", "source": "backend", "module": "photo", "event": "photo_process_start", "msg": "Processing single photo", "sid": null, "dur": null, "data": {"layout": "single", "overlay": "none", "image_count": 1}}
{"ts": "2026-06-04T23:50:18.075Z", "level": "INFO", "source": "backend", "module": "photo", "event": "photo_process_done", "msg": "Photo processed: photo_31f4160d6b.jpg", "sid": null, "dur": 114, "data": {"filename": "photo_31f4160d6b.jpg", "layout": "single", "overlay": "none"}}
{"ts": "2026-06-04T23:50:24.355Z", "level": "INFO", "source": "backend", "module": "printer", "event": "printer_sent", "msg": "Print job sent: photo_31f4160d6b.jpg", "sid": null, "dur": null, "data": {"filename": "photo_31f4160d6b.jpg"}}
{"ts": "2026-06-04T23:50:24.356Z", "level": "INFO", "source": "backend", "module": "printer", "event": "printer_done", "msg": "Print completed: photo_31f4160d6b.jpg", "sid": null, "dur": null, "data": {"filename": "photo_31f4160d6b.jpg"}}
