{"ts":"2026-06-04T23:41:35.765Z","level":"INFO","source":"frontend","module":"camera","event":"camera_init_ok","msg":"Camera initialized","sid":null,"dur":null,"data":{"width":1920,"height":1080}}
{"ts":"2026-06-04T23:41:48.493Z","level":"INFO","source":"frontend","module":"session","event":"session_start","msg":"Guest tapped start","sid":"s_c4ef2f","dur":null,"data":null}
{"ts":"2026-06-04T23:41:48.493Z","level":"INFO","source":"frontend","module":"ui","event":"ui_tap_start","msg":"Guest tapped start","sid":"s_c4ef2f","dur":null,"data":null}
{"ts":"2026-06-04T23:41:49.692Z","level":"INFO","source":"frontend","module":"ui","event":"ui_select_layout","msg":"Selected single layout","sid":"s_c4ef2f","dur":null,"data":{"layout":"single"}}
{"ts":"2026-06-04T23:41:53.151Z","level":"INFO","source":"frontend","module":"camera","event":"camera_capture","msg":"Captured 1 image(s)","sid":"s_c4ef2f","dur":null,"data":null}
{"ts":"2026-06-04T23:41:53.291Z","level":"INFO","source":"frontend","module":"api","event":"api_request","msg":"Photo saved: photo_1261536916.jpg","sid":"s_c4ef2f","dur":140,"data":{"endpoint":"/api/save-photo","filename":"photo_1261536916.jpg"}}
{"ts":"2026-06-04T23:41:55.941Z","level":"INFO","source":"frontend","module":"ui","event":"ui_retake","msg":"Retake #1","sid":"s_c4ef2f","dur":null,"data":null}
{"ts":"2026-06-04T23:41:59.377Z","level":"INFO","source":"frontend","module":"camera","event":"camera_capture","msg":"Captured 1 image(s)","sid":"s_c4ef2f","dur":null,"data":null}
{"ts":"2026-06-04T23:41:59.491Z","level":"INFO","source":"frontend","module":"api","event":"api_request","msg":"Photo saved: photo_8b8e715a26.jpg","sid":"s_c4ef2f","dur":113,"data":{"endpoint":"/api/save-photo","filename":"photo_8b8e715a26.jpg"}}
{"ts":"2026-06-04T23:42:12.005Z","level":"INFO","source":"frontend","module":"api","event":"api_request","msg":"Photo saved: photo_8d6268521b.jpg","sid":"s_c4ef2f","dur":134,"data":{"endpoint":"/api/save-photo","filename":"photo_8d6268521b.jpg"}}
{"ts":"2026-06-04T23:42:12.009Z","level":"INFO","source":"frontend","module":"printer","event":"printer_sent","msg":"Print requested: photo_8d6268521b.jpg","sid":"s_c4ef2f","dur":null,"data":{"filename":"photo_8d6268521b.jpg"}}
{"ts":"2026-06-04T23:42:12.015Z","level":"INFO","source":"frontend","module":"printer","event":"printer_done","msg":"Print completed: photo_8d6268521b.jpg","sid":"s_c4ef2f","dur":null,"data":{"filename":"photo_8d6268521b.jpg"}}
{"ts":"2026-06-04T23:42:20.931Z","level":"INFO","source":"frontend","module":"session","event":"session_end","msg":"Guest chose to take another photo","sid":"s_c4ef2f","dur":null,"data":null}
{"ts":"2026-06-04T23:42:20.931Z","level":"INFO","source":"frontend","module":"session","event":"session_end","msg":"Session ended: another","sid":"s_c4ef2f","dur":null,"data":{"reason":"another"}}
{"ts":"2026-06-04T23:42:20.932Z","level":"INFO","source":"frontend","module":"session","event":"session_start","msg":"Guest tapped start","sid":"s_477e56","dur":null,"data":null}
{"ts":"2026-06-04T23:47:09.554Z","level":"INFO","source":"frontend","module":"session","event":"session_start","msg":"Guest tapped start","sid":"s_494bc9","dur":null,"data":null}
{"ts":"2026-06-04T23:47:09.554Z","level":"INFO","source":"frontend","module":"ui","event":"ui_tap_start","msg":"Guest tapped start","sid":"s_494bc9","dur":null,"data":null}
{"ts":"2026-06-04T23:47:11.640Z","level":"INFO","source":"frontend","module":"ui","event":"ui_select_layout","msg":"Selected single layout","sid":"s_494bc9","dur":null,"data":{"layout":"single"}}
{"ts":"2026-06-04T23:47:15.067Z","level":"INFO","source":"frontend","module":"camera","event":"camera_capture","msg":"Captured 1 image(s)","sid":"s_494bc9","dur":null,"data":null}
{"ts":"2026-06-04T23:47:15.172Z","level":"INFO","source":"frontend","module":"api","event":"api_request","msg":"Photo saved: photo_921c886a5b.jpg","sid":"s_494bc9","dur":105,"data":{"endpoint":"/api/save-photo","filename":"photo_921c886a5b.jpg"}}
{"ts":"2026-06-04T23:47:18.945Z","level":"INFO","source":"frontend","module":"ui","event":"ui_retake","msg":"Retake #1","sid":"s_494bc9","dur":null,"data":null}
{"ts":"2026-06-04T23:47:22.379Z","level":"INFO","source":"frontend","module":"camera","event":"camera_capture","msg":"Captured 1 image(s)","sid":"s_494bc9","dur":null,"data":null}
{"ts":"2026-06-04T23:47:22.494Z","level":"INFO","source":"frontend","module":"api","event":"api_request","msg":"Photo saved: photo_ad3b2d23f3.jpg","sid":"s_494bc9","dur":114,"data":{"endpoint":"/api/save-photo","filename":"photo_ad3b2d23f3.jpg"}}
{"ts":"2026-06-04T23:47:24.518Z","level":"INFO","source":"frontend","module":"ui","event":"ui_retake","msg":"Retake #2","sid":"s_494bc9","dur":null,"data":null}
{"ts":"2026-06-04T23:47:27.956Z","level":"INFO","source":"frontend","module":"camera","event":"camera_capture","msg":"Captured 1 image(s)","sid":"s_494bc9","dur":null,"data":null}
{"ts":"2026-06-04T23:47:28.079Z","level":"INFO","source":"frontend","module":"api","event":"api_request","msg":"Photo saved: photo_57fe211cdc.jpg","sid":"s_494bc9","dur":122,"data":{"endpoint":"/api/save-photo","filename":"photo_57fe211cdc.jpg"}}
{"ts":"2026-06-04T23:47:30.023Z","level":"INFO","source":"frontend","module":"ui","event":"ui_retake","msg":"Retake #3","sid":"s_494bc9","dur":null,"data":null}
{"ts":"2026-06-04T23:47:33.449Z","level":"INFO","source":"frontend","module":"camera","event":"camera_capture","msg":"Captured 1 image(s)","sid":"s_494bc9","dur":null,"data":null}
{"ts":"2026-06-04T23:47:33.575Z","level":"INFO","source":"frontend","module":"api","event":"api_request","msg":"Photo saved: photo_248468869c.jpg","sid":"s_494bc9","dur":125,"data":{"endpoint":"/api/save-photo","filename":"photo_248468869c.jpg"}}
{"ts":"2026-06-04T23:47:51.519Z","level":"INFO","source":"frontend","module":"printer","event":"printer_sent","msg":"Print requested: photo_921c886a5b.jpg","sid":"s_494bc9","dur":null,"data":{"filename":"photo_921c886a5b.jpg"}}
{"ts":"2026-06-04T23:47:51.523Z","level":"INFO","source":"frontend","module":"printer","event":"printer_done","msg":"Print completed: photo_921c886a5b.jpg","sid":"s_494bc9","dur":null,"data":{"filename":"photo_921c886a5b.jpg"}}
{"ts":"2026-06-04T23:48:02.282Z","level":"INFO","source":"frontend","module":"session","event":"session_end","msg":"Guest chose to take another photo","sid":"s_494bc9","dur":null,"data":null}
{"ts":"2026-06-04T23:48:02.282Z","level":"INFO","source":"frontend","module":"session","event":"session_end","msg":"Session ended: another","sid":"s_494bc9","dur":null,"data":{"reason":"another"}}
{"ts":"2026-06-04T23:48:02.282Z","level":"INFO","source":"frontend","module":"session","event":"session_start","msg":"Guest tapped start","sid":"s_d85bb4","dur":null,"data":null}
{"ts":"2026-06-04T23:48:08.132Z","level":"INFO","source":"frontend","module":"session","event":"session_start","msg":"Guest tapped start","sid":"s_8c0874","dur":null,"data":null}
{"ts":"2026-06-04T23:48:08.132Z","level":"INFO","source":"frontend","module":"ui","event":"ui_tap_start","msg":"Guest tapped start","sid":"s_8c0874","dur":null,"data":null}
{"ts":"2026-06-04T23:48:09.010Z","level":"INFO","source":"frontend","module":"ui","event":"ui_select_layout","msg":"Selected collage layout","sid":"s_8c0874","dur":null,"data":{"layout":"collage"}}
{"ts":"2026-06-04T23:48:24.495Z","level":"INFO","source":"frontend","module":"camera","event":"camera_capture","msg":"Captured 3 image(s)","sid":"s_8c0874","dur":null,"data":null}
{"ts":"2026-06-04T23:48:24.674Z","level":"INFO","source":"frontend","module":"api","event":"api_request","msg":"Photo saved: photo_9a322e9852.jpg","sid":"s_8c0874","dur":178,"data":{"endpoint":"/api/save-photo","filename":"photo_9a322e9852.jpg"}}
{"ts":"2026-06-04T23:48:29.800Z","level":"INFO","source":"frontend","module":"printer","event":"printer_sent","msg":"Print requested: photo_9a322e9852.jpg","sid":"s_8c0874","dur":null,"data":{"filename":"photo_9a322e9852.jpg"}}
{"ts":"2026-06-04T23:48:29.811Z","level":"INFO","source":"frontend","module":"printer","event":"printer_done","msg":"Print completed: photo_9a322e9852.jpg","sid":"s_8c0874","dur":null,"data":{"filename":"photo_9a322e9852.jpg"}}
{"ts":"2026-06-04T23:48:33.160Z","level":"INFO","source":"frontend","module":"session","event":"session_end","msg":"Guest chose to take another photo","sid":"s_8c0874","dur":null,"data":null}
{"ts":"2026-06-04T23:48:33.160Z","level":"INFO","source":"frontend","module":"session","event":"session_end","msg":"Session ended: another","sid":"s_8c0874","dur":null,"data":{"reason":"another"}}
{"ts":"2026-06-04T23:48:33.160Z","level":"INFO","source":"frontend","module":"session","event":"session_start","msg":"Guest tapped start","sid":"s_cd262a","dur":null,"data":null}
{"ts":"2026-06-04T23:50:12.509Z","level":"INFO","source":"frontend","module":"session","event":"session_start","msg":"Guest tapped start","sid":"s_a3b56e","dur":null,"data":null}
{"ts":"2026-06-04T23:50:12.509Z","level":"INFO","source":"frontend","module":"ui","event":"ui_tap_start","msg":"Guest tapped start","sid":"s_a3b56e","dur":null,"data":null}
{"ts":"2026-06-04T23:50:14.519Z","level":"INFO","source":"frontend","module":"ui","event":"ui_select_layout","msg":"Selected single layout","sid":"s_a3b56e","dur":null,"data":{"layout":"single"}}
{"ts":"2026-06-04T23:50:17.951Z","level":"INFO","source":"frontend","module":"camera","event":"camera_capture","msg":"Captured 1 image(s)","sid":"s_a3b56e","dur":null,"data":null}
{"ts":"2026-06-04T23:50:18.077Z","level":"INFO","source":"frontend","module":"api","event":"api_request","msg":"Photo saved: photo_31f4160d6b.jpg","sid":"s_a3b56e","dur":126,"data":{"endpoint":"/api/save-photo","filename":"photo_31f4160d6b.jpg"}}
{"ts":"2026-06-04T23:50:24.352Z","level":"INFO","source":"frontend","module":"printer","event":"printer_sent","msg":"Print requested: photo_31f4160d6b.jpg","sid":"s_a3b56e","dur":null,"data":{"filename":"photo_31f4160d6b.jpg"}}
{"ts":"2026-06-04T23:50:24.366Z","level":"INFO","source":"frontend","module":"printer","event":"printer_done","msg":"Print completed: photo_31f4160d6b.jpg","sid":"s_a3b56e","dur":null,"data":{"filename":"photo_31f4160d6b.jpg"}}
{"ts":"2026-06-04T23:50:50.200Z","level":"INFO","source":"frontend","module":"session","event":"session_end","msg":"Session finished normally","sid":"s_a3b56e","dur":null,"data":null}
{"ts":"2026-06-04T23:50:50.200Z","level":"INFO","source":"frontend","module":"session","event":"session_end","msg":"Session ended: completed","sid":"s_a3b56e","dur":null,"data":{"reason":"completed"}}
{"ts":"2026-06-06T13:18:01.072Z","level":"INFO","source":"frontend","module":"camera","event":"camera_init_ok","msg":"Camera initialized","sid":null,"dur":null,"data":{"width":1920,"height":1080}}
{"ts":"2026-06-06T13:18:03.165Z","level":"INFO","source":"frontend","module":"session","event":"session_start","msg":"Guest tapped start","sid":"s_aaadb0","dur":null,"data":null}
{"ts":"2026-06-06T13:18:03.165Z","level":"INFO","source":"frontend","module":"ui","event":"ui_tap_start","msg":"Guest tapped start","sid":"s_aaadb0","dur":null,"data":null}
{"ts":"2026-06-06T13:18:15.313Z","level":"INFO","source":"frontend","module":"ui","event":"ui_select_layout","msg":"Selected single layout","sid":"s_aaadb0","dur":null,"data":{"layout":"single"}}
{"ts":"2026-06-06T13:18:18.770Z","level":"INFO","source":"frontend","module":"camera","event":"camera_capture","msg":"Captured 1 image(s)","sid":"s_aaadb0","dur":null,"data":null}
{"ts":"2026-06-06T13:18:19.032Z","level":"INFO","source":"frontend","module":"api","event":"api_request","msg":"Photo saved: photo_7eae0c8c6b.jpg","sid":"s_aaadb0","dur":261,"data":{"endpoint":"/api/save-photo","filename":"photo_7eae0c8c6b.jpg"}}
{"ts":"2026-06-06T13:18:21.511Z","level":"INFO","source":"frontend","module":"ui","event":"ui_retake","msg":"Retake #1","sid":"s_aaadb0","dur":null,"data":null}
{"ts":"2026-06-06T13:18:24.942Z","level":"INFO","source":"frontend","module":"camera","event":"camera_capture","msg":"Captured 1 image(s)","sid":"s_aaadb0","dur":null,"data":null}
{"ts":"2026-06-06T13:18:25.047Z","level":"INFO","source":"frontend","module":"api","event":"api_request","msg":"Photo saved: photo_5ce2496c8e.jpg","sid":"s_aaadb0","dur":104,"data":{"endpoint":"/api/save-photo","filename":"photo_5ce2496c8e.jpg"}}
{"ts":"2026-06-06T13:18:37.687Z","level":"INFO","source":"frontend","module":"printer","event":"printer_sent","msg":"Print requested: photo_5ce2496c8e.jpg","sid":"s_aaadb0","dur":null,"data":{"filename":"photo_5ce2496c8e.jpg"}}
{"ts":"2026-06-06T13:18:37.694Z","level":"INFO","source":"frontend","module":"printer","event":"printer_done","msg":"Print completed: photo_5ce2496c8e.jpg","sid":"s_aaadb0","dur":null,"data":{"filename":"photo_5ce2496c8e.jpg"}}
{"ts":"2026-06-06T13:18:46.605Z","level":"INFO","source":"frontend","module":"session","event":"session_end","msg":"Guest chose to take another photo","sid":"s_aaadb0","dur":null,"data":null}
{"ts":"2026-06-06T13:18:46.605Z","level":"INFO","source":"frontend","module":"session","event":"session_end","msg":"Session ended: another","sid":"s_aaadb0","dur":null,"data":{"reason":"another"}}
{"ts":"2026-06-06T13:18:46.605Z","level":"INFO","source":"frontend","module":"session","event":"session_start","msg":"Guest tapped start","sid":"s_61ad6e","dur":null,"data":null}
{"ts":"2026-06-06T13:18:49.702Z","level":"INFO","source":"frontend","module":"session","event":"session_start","msg":"Guest tapped start","sid":"s_8d1dc3","dur":null,"data":null}
{"ts":"2026-06-06T13:18:49.702Z","level":"INFO","source":"frontend","module":"ui","event":"ui_tap_start","msg":"Guest tapped start","sid":"s_8d1dc3","dur":null,"data":null}
{"ts":"2026-06-06T13:28:23.514Z","level":"INFO","source":"frontend","module":"camera","event":"camera_init_ok","msg":"Camera initialized","sid":null,"dur":null,"data":{"width":1920,"height":1080}}
{"ts":"2026-06-06T13:28:31.241Z","level":"INFO","source":"frontend","module":"session","event":"session_start","msg":"Guest tapped start","sid":"s_78b26c","dur":null,"data":null}
{"ts":"2026-06-06T13:28:31.241Z","level":"INFO","source":"frontend","module":"ui","event":"ui_tap_start","msg":"Guest tapped start","sid":"s_78b26c","dur":null,"data":null}
{"ts":"2026-06-06T13:28:35.424Z","level":"INFO","source":"frontend","module":"ui","event":"ui_select_layout","msg":"Selected single layout","sid":"s_78b26c","dur":null,"data":{"layout":"single"}}
{"ts":"2026-06-06T13:28:38.867Z","level":"INFO","source":"frontend","module":"camera","event":"camera_capture","msg":"Captured 1 image(s)","sid":"s_78b26c","dur":null,"data":null}
{"ts":"2026-06-06T13:28:38.968Z","level":"INFO","source":"frontend","module":"api","event":"api_request","msg":"Photo saved: photo_eba9eef3fa.jpg","sid":"s_78b26c","dur":101,"data":{"endpoint":"/api/save-photo","filename":"photo_eba9eef3fa.jpg"}}
{"ts":"2026-06-06T13:28:44.222Z","level":"INFO","source":"frontend","module":"ui","event":"ui_retake","msg":"Retake #1","sid":"s_78b26c","dur":null,"data":null}
{"ts":"2026-06-06T13:28:47.660Z","level":"INFO","source":"frontend","module":"camera","event":"camera_capture","msg":"Captured 1 image(s)","sid":"s_78b26c","dur":null,"data":null}
{"ts":"2026-06-06T13:28:47.763Z","level":"INFO","source":"frontend","module":"api","event":"api_request","msg":"Photo saved: photo_58ff868e17.jpg","sid":"s_78b26c","dur":103,"data":{"endpoint":"/api/save-photo","filename":"photo_58ff868e17.jpg"}}
{"ts":"2026-06-06T13:28:50.080Z","level":"INFO","source":"frontend","module":"ui","event":"ui_retake","msg":"Retake #2","sid":"s_78b26c","dur":null,"data":null}
{"ts":"2026-06-06T13:28:53.534Z","level":"INFO","source":"frontend","module":"camera","event":"camera_capture","msg":"Captured 1 image(s)","sid":"s_78b26c","dur":null,"data":null}
{"ts":"2026-06-06T13:28:53.641Z","level":"INFO","source":"frontend","module":"api","event":"api_request","msg":"Photo saved: photo_090d2150ca.jpg","sid":"s_78b26c","dur":107,"data":{"endpoint":"/api/save-photo","filename":"photo_090d2150ca.jpg"}}
{"ts":"2026-06-06T13:28:55.719Z","level":"INFO","source":"frontend","module":"ui","event":"ui_retake","msg":"Retake #3","sid":"s_78b26c","dur":null,"data":null}
{"ts":"2026-06-06T13:28:59.146Z","level":"INFO","source":"frontend","module":"camera","event":"camera_capture","msg":"Captured 1 image(s)","sid":"s_78b26c","dur":null,"data":null}
{"ts":"2026-06-06T13:28:59.263Z","level":"INFO","source":"frontend","module":"api","event":"api_request","msg":"Photo saved: photo_28acf6ebcb.jpg","sid":"s_78b26c","dur":116,"data":{"endpoint":"/api/save-photo","filename":"photo_28acf6ebcb.jpg"}}
{"ts":"2026-06-06T13:29:14.852Z","level":"INFO","source":"frontend","module":"api","event":"api_request","msg":"Photo saved: photo_ff552832e8.jpg","sid":"s_78b26c","dur":118,"data":{"endpoint":"/api/save-photo","filename":"photo_ff552832e8.jpg"}}
{"ts":"2026-06-06T13:29:14.855Z","level":"INFO","source":"frontend","module":"printer","event":"printer_sent","msg":"Print requested: photo_ff552832e8.jpg","sid":"s_78b26c","dur":null,"data":{"filename":"photo_ff552832e8.jpg"}}
{"ts":"2026-06-06T13:29:14.861Z","level":"INFO","source":"frontend","module":"printer","event":"printer_done","msg":"Print completed: photo_ff552832e8.jpg","sid":"s_78b26c","dur":null,"data":{"filename":"photo_ff552832e8.jpg"}}
{"ts":"2026-06-06T13:29:26.861Z","level":"INFO","source":"frontend","module":"session","event":"session_end","msg":"Guest chose to take another photo","sid":"s_78b26c","dur":null,"data":null}
{"ts":"2026-06-06T13:29:26.861Z","level":"INFO","source":"frontend","module":"session","event":"session_end","msg":"Session ended: another","sid":"s_78b26c","dur":null,"data":{"reason":"another"}}
{"ts":"2026-06-06T13:29:26.861Z","level":"INFO","source":"frontend","module":"session","event":"session_start","msg":"Guest tapped start","sid":"s_89222b","dur":null,"data":null}
